
> draftkings-sports-tracker@0.1.0 build
> next build

  Γû▓ Next.js 14.2.32
  - Environments: .env.local
  - Experiments (use with caution):
    ┬╖ esmExternals

   Creating an optimized production build ...
node.exe : Failed to 
compile.
At C:\Program 
Files\nodejs\npm.ps1:29 
char:3
+   & $NODE_EXE $NPM_CLI_JS 
$args
+   ~~~~~~~~~~~~~~~~~~~~~~~~
~~~~~
    + CategoryInfo          
    : NotSpecified: (Faile  
  d to compile.:String) [   
 ], RemoteException
    + FullyQualifiedErrorId 
    : NativeCommandError
 

./app/api/draft/sessions/[se
ssionId]/events/route.ts
Module not found: Can't 
resolve '../../../../../../.
./lib/firebase'

https://nextjs.org/docs/mess
ages/module-not-found

./app/api/draft/sessions/[se
ssionId]/pick/route.ts
Module not found: Can't 
resolve '../../../../../lib/
firebase'

https://nextjs.org/docs/mess
ages/module-not-found

./app/api/draft/sessions/[se
ssionId]/route.ts
Module not found: Can't 
resolve '../../../../../../l
ib/firebase'

https://nextjs.org/docs/mess
ages/module-not-found

./app/api/draft/sessions/[se
ssionId]/status/route.ts
Module not found: Can't 
resolve '../../../../../../.
./lib/firebase'

https://nextjs.org/docs/mess
ages/module-not-found

./app/api/draft/sessions/rou
te.ts
Module not found: Can't 
resolve '../../../../../lib/
draft-types'

https://nextjs.org/docs/mess
ages/module-not-found


> Build failed because of 
webpack errors
